// Jest Snapshot v1, https://goo.gl/fbAQLP

exports[`AnimatedGradient matches snapshot 1`] = `
.c0 {
  -webkit-animation: Reveal 2s;
  animation: Reveal 2s;
  -webkit-animation-fill-mode: forwards;
  animation-fill-mode: forwards;
  -webkit-animation-timing-function: ease-out;
  animation-timing-function: ease-out;
  height: 100vh;
  pointer-events: none;
  position: absolute;
  width: 100vw;
}

<svg
  className="c0"
>
  <defs>
    <radialGradient
      fx={0}
      fy={0}
      id="animated-gradient__StyledSvg-sc-1ll82r8-0--gradient1"
      r="100%"
    >
      <animate
        attributeName="fx"
        attributeType="XML"
        dur="20s"
        repeatCount="indefinite"
        values=""
      />
      <animate
        attributeName="fy"
        attributeType="XML"
        dur="20s"
        repeatCount="indefinite"
        values=""
      />
      <stop
        offset={0}
        stopColor="rgb(26, 128, 130)"
      >
        <animate
          attributeName="stop-color"
          attributeType="XML"
          dur="20s"
          repeatCount="indefinite"
          values=""
        />
      </stop>
      <stop
        offset={1}
        stopColor="rgb(26, 128, 130)"
      >
        <animate
          attributeName="stop-color"
          attributeType="XML"
          dur="20s"
          repeatCount="indefinite"
          values=""
        />
      </stop>
    </radialGradient>
    <radialGradient
      fx={0}
      fy={0}
      id="animated-gradient__StyledSvg-sc-1ll82r8-0--gradient2"
      r="100%"
    >
      <animate
        attributeName="fx"
        attributeType="XML"
        dur="20s"
        repeatCount="indefinite"
        values=""
      />
      <animate
        attributeName="fy"
        attributeType="XML"
        dur="20s"
        repeatCount="indefinite"
        values=""
      />
      <stop
        offset={0}
        stopColor="white"
        stopOpacity={0.3333333333333333}
      />
      <stop
        offset={1}
        stopColor="white"
        stopOpacity={0}
      />
    </radialGradient>
  </defs>
  <rect
    fill="url(#animated-gradient__StyledSvg-sc-1ll82r8-0--gradient1)"
    height="100%"
    width="100%"
  />
  <rect
    fill="url(#animated-gradient__StyledSvg-sc-1ll82r8-0--gradient2)"
    height="100%"
    width="100%"
  />
</svg>
`;
