// Jest Snapshot v1, https://goo.gl/fbAQLP

exports[`ExternalLinks matches snapshot 1`] = `
.c0 {
  box-sizing: border-box;
  display: -webkit-box;
  display: -webkit-flex;
  display: -ms-flexbox;
  display: flex;
  list-style: none;
  padding: 0;
}

.c2 {
  color: white;
}

.c1 {
  margin: 1rem;
}

<nav
  className=""
>
  <ul
    className="c0"
  >
    <li
      className="c1"
    >
      <a
        className="c2"
        href="https://www.linkedin.com/in/zoopoetics/"
        target="_blank"
      >
        Linkedin
      </a>
    </li>
    <li
      className="c1"
    >
      <a
        className="c2"
        href="https://github.com/zoopoetics/"
        target="_blank"
      >
        Github
      </a>
    </li>
  </ul>
</nav>
`;
